{"index":0,"us":0}	{"EventLogEntry":{"server_us":0,"event":{"iOSGenericEvent":{"customer_id":"","user_ms":0,"client_id":"","device_id":"device_id_0","event":"SEEN","source":"","fields":{"cid":"fake_cid","token":"fake_token","uid":"fake_uid_0"},"unparsable_fields":[]},"":"T9201174724793298462"}},"":"T9200398915792717738"}
{"index":1,"us":12960000000000}	{"EventLogEntry":{"server_us":12960000000000,"event":{"iOSGenericEvent":{"customer_id":"","user_ms":12960000000,"client_id":"","device_id":"device_id_1","event":"SEEN","source":"","fields":{"cid":"fake_cid","token":"fake_token","uid":"fake_uid_1"},"unparsable_fields":[]},"":"T9201174724793298462"}},"":"T9200398915792717738"}
{"index":2,"us":25920000000000}	{"EventLogEntry":{"server_us":25920000000000,"event":{"iOSGenericEvent":{"customer_id":"","user_ms":25920000000,"client_id":"","device_id":"device_id_2","event":"SEEN","source":"","fields":{"cid":"fake_cid","token":"fake_token","uid":"fake_uid_2"},"unparsable_fields":[]},"":"T9201174724793298462"}},"":"T9200398915792717738"}
{"index":3,"us":38880000000000}	{"EventLogEntry":{"server_us":38880000000000,"event":{"iOSGenericEvent":{"customer_id":"","user_ms":38880000000,"client_id":"","device_id":"device_id_3","event":"SEEN","source":"","fields":{"cid":"fake_cid","token":"fake_token","uid":"fake_uid_3"},"unparsable_fields":[]},"":"T9201174724793298462"}},"":"T9200398915792717738"}
{"index":4,"us":51840000000000}	{"EventLogEntry":{"server_us":51840000000000,"event":{"iOSGenericEvent":{"customer_id":"","user_ms":51840000000,"client_id":"","device_id":"device_id_4","event":"SEEN","source":"","fields":{"cid":"fake_cid","token":"fake_token","uid":"fake_uid_4"},"unparsable_fields":[]},"":"T9201174724793298462"}},"":"T9200398915792717738"}
{"index":5,"us":64800000000000}	{"EventLogEntry":{"server_us":64800000000000,"event":{"iOSGenericEvent":{"customer_id":"","user_ms":64800000000,"client_id":"","device_id":"device_id_5","event":"SEEN","source":"","fields":{"cid":"fake_cid","token":"fake_token","uid":"fake_uid_5"},"unparsable_fields":[]},"":"T9201174724793298462"}},"":"T9200398915792717738"}
{"index":6,"us":77760000000000}	{"EventLogEntry":{"server_us":77760000000000,"event":{"iOSGenericEvent":{"customer_id":"","user_ms":77760000000,"client_id":"","device_id":"device_id_6","event":"SEEN","source":"","fields":{"cid":"fake_cid","token":"fake_token","uid":"fake_uid_6"},"unparsable_fields":[]},"":"T9201174724793298462"}},"":"T9200398915792717738"}
{"index":7,"us":90720000000000}	{"EventLogEntry":{"server_us":90720000000000,"event":{"iOSGenericEvent":{"customer_id":"","user_ms":90720000000,"client_id":"","device_id":"device_id_7","event":"SEEN","source":"","fields":{"cid":"fake_cid","token":"fake_token","uid":"fake_uid_7"},"unparsable_fields":[]},"":"T9201174724793298462"}},"":"T9200398915792717738"}
{"index":8,"us":103680000000000}	{"EventLogEntry":{"server_us":103680000000000,"event":{"iOSGenericEvent":{"customer_id":"","user_ms":103680000000,"client_id":"","device_id":"device_id_8","event":"SEEN","source":"","fields":{"cid":"fake_cid","token":"fake_token","uid":"fake_uid_8"},"unparsable_fields":[]},"":"T9201174724793298462"}},"":"T9200398915792717738"}
{"index":9,"us":116640000000000}	{"EventLogEntry":{"server_us":116640000000000,"event":{"iOSGenericEvent":{"customer_id":"","user_ms":116640000000,"client_id":"","device_id":"device_id_9","event":"SEEN","source":"","fields":{"cid":"fake_cid","token":"fake_token","uid":"fake_uid_9"},"unparsable_fields":[]},"":"T9201174724793298462"}},"":"T9200398915792717738"}
{"index":10,"us":129600000000000}	{"EventLogEntry":{"server_us":129600000000000,"event":{"iOSGenericEvent":{"customer_id":"","user_ms":129600000000,"client_id":"","device_id":"device_id_10","event":"SEEN","source":"","fields":{"cid":"fake_cid","token":"fake_token","uid":"fake_uid_10"},"unparsable_fields":[]},"":"T9201174724793298462"}},"":"T9200398915792717738"}
{"index":11,"us":142560000000000}	{"EventLogEntry":{"server_us":142560000000000,"event":{"iOSGenericEvent":{"customer_id":"","user_ms":142560000000,"client_id":"","device_id":"device_id_11","event":"SEEN","source":"","fields":{"cid":"fake_cid","token":"fake_token","uid":"fake_uid_11"},"unparsable_fields":[]},"":"T9201174724793298462"}},"":"T9200398915792717738"}
{"index":12,"us":155520000000000}	{"EventLogEntry":{"server_us":155520000000000,"event":{"iOSGenericEvent":{"customer_id":"","user_ms":155520000000,"client_id":"","device_id":"device_id_12","event":"SEEN","source":"","fields":{"cid":"fake_cid","token":"fake_token","uid":"fake_uid_12"},"unparsable_fields":[]},"":"T9201174724793298462"}},"":"T9200398915792717738"}
{"index":13,"us":168480000000000}	{"EventLogEntry":{"server_us":168480000000000,"event":{"iOSGenericEvent":{"customer_id":"","user_ms":168480000000,"client_id":"","device_id":"device_id_13","event":"SEEN","source":"","fields":{"cid":"fake_cid","token":"fake_token","uid":"fake_uid_13"},"unparsable_fields":[]},"":"T9201174724793298462"}},"":"T9200398915792717738"}
{"index":14,"us":181440000000000}	{"EventLogEntry":{"server_us":181440000000000,"event":{"iOSGenericEvent":{"customer_id":"","user_ms":181440000000,"client_id":"","device_id":"device_id_14","event":"SEEN","source":"","fields":{"cid":"fake_cid","token":"fake_token","uid":"fake_uid_14"},"unparsable_fields":[]},"":"T9201174724793298462"}},"":"T9200398915792717738"}
{"index":15,"us":194400000000000}	{"EventLogEntry":{"server_us":194400000000000,"event":{"iOSGenericEvent":{"customer_id":"","user_ms":194400000000,"client_id":"","device_id":"device_id_15","event":"SEEN","source":"","fields":{"cid":"fake_cid","token":"fake_token","uid":"fake_uid_15"},"unparsable_fields":[]},"":"T9201174724793298462"}},"":"T9200398915792717738"}
{"index":16,"us":207360000000000}	{"EventLogEntry":{"server_us":207360000000000,"event":{"iOSGenericEvent":{"customer_id":"","user_ms":207360000000,"client_id":"","device_id":"device_id_16","event":"SEEN","source":"","fields":{"cid":"fake_cid","token":"fake_token","uid":"fake_uid_16"},"unparsable_fields":[]},"":"T9201174724793298462"}},"":"T9200398915792717738"}
{"index":17,"us":220320000000000}	{"EventLogEntry":{"server_us":220320000000000,"event":{"iOSGenericEvent":{"customer_id":"","user_ms":220320000000,"client_id":"","device_id":"device_id_17","event":"SEEN","source":"","fields":{"cid":"fake_cid","token":"fake_token","uid":"fake_uid_17"},"unparsable_fields":[]},"":"T9201174724793298462"}},"":"T9200398915792717738"}
{"index":18,"us":233280000000000}	{"EventLogEntry":{"server_us":233280000000000,"event":{"iOSGenericEvent":{"customer_id":"","user_ms":233280000000,"client_id":"","device_id":"device_id_18","event":"SEEN","source":"","fields":{"cid":"fake_cid","token":"fake_token","uid":"fake_uid_18"},"unparsable_fields":[]},"":"T9201174724793298462"}},"":"T9200398915792717738"}
{"index":19,"us":246240000000000}	{"EventLogEntry":{"server_us":246240000000000,"event":{"iOSGenericEvent":{"customer_id":"","user_ms":246240000000,"client_id":"","device_id":"device_id_19","event":"SEEN","source":"","fields":{"cid":"fake_cid","token":"fake_token","uid":"fake_uid_19"},"unparsable_fields":[]},"":"T9201174724793298462"}},"":"T9200398915792717738"}
{"index":20,"us":259200000000000}	{"EventLogEntry":{"server_us":259200000000000,"event":{"iOSGenericEvent":{"customer_id":"","user_ms":259200000000,"client_id":"","device_id":"device_id_2","event":"SEEN","source":"","fields":{"cid":"fake_cid","token":"fake_token","uid":"fake_uid_2"},"unparsable_fields":[]},"":"T9201174724793298462"}},"":"T9200398915792717738"}
{"index":21,"us":259416000000000}	{"EventLogEntry":{"server_us":259416000000000,"event":{"iOSGenericEvent":{"customer_id":"","user_ms":259416000000,"client_id":"","device_id":"device_id_3","event":"SEEN","source":"","fields":{"cid":"fake_cid","token":"fake_token","uid":"fake_uid_3"},"unparsable_fields":[]},"":"T9201174724793298462"}},"":"T9200398915792717738"}
{"index":22,"us":259632000000000}	{"EventLogEntry":{"server_us":259632000000000,"event":{"iOSGenericEvent":{"customer_id":"","user_ms":259632000000,"client_id":"","device_id":"device_id_4","event":"SEEN","source":"","fields":{"cid":"fake_cid","token":"fake_token","uid":"fake_uid_4"},"unparsable_fields":[]},"":"T9201174724793298462"}},"":"T9200398915792717738"}
{"index":23,"us":259848000000000}	{"EventLogEntry":{"server_us":259848000000000,"event":{"iOSGenericEvent":{"customer_id":"","user_ms":259848000000,"client_id":"","device_id":"device_id_5","event":"SEEN","source":"","fields":{"cid":"fake_cid","token":"fake_token","uid":"fake_uid_5"},"unparsable_fields":[]},"":"T9201174724793298462"}},"":"T9200398915792717738"}
{"index":24,"us":260064000000000}	{"EventLogEntry":{"server_us":260064000000000,"event":{"iOSGenericEvent":{"customer_id":"","user_ms":260064000000,"client_id":"","device_id":"device_id_6","event":"SEEN","source":"","fields":{"cid":"fake_cid","token":"fake_token","uid":"fake_uid_6"},"unparsable_fields":[]},"":"T9201174724793298462"}},"":"T9200398915792717738"}
{"index":25,"us":260280000000000}	{"EventLogEntry":{"server_us":260280000000000,"event":{"iOSGenericEvent":{"customer_id":"","user_ms":260280000000,"client_id":"","device_id":"device_id_7","event":"SEEN","source":"","fields":{"cid":"fake_cid","token":"fake_token","uid":"fake_uid_7"},"unparsable_fields":[]},"":"T9201174724793298462"}},"":"T9200398915792717738"}
{"index":26,"us":260496000000000}	{"EventLogEntry":{"server_us":260496000000000,"event":{"iOSGenericEvent":{"customer_id":"","user_ms":260496000000,"client_id":"","device_id":"device_id_8","event":"SEEN","source":"","fields":{"cid":"fake_cid","token":"fake_token","uid":"fake_uid_8"},"unparsable_fields":[]},"":"T9201174724793298462"}},"":"T9200398915792717738"}
{"index":27,"us":260712000000000}	{"EventLogEntry":{"server_us":260712000000000,"event":{"iOSGenericEvent":{"customer_id":"","user_ms":260712000000,"client_id":"","device_id":"device_id_9","event":"SEEN","source":"","fields":{"cid":"fake_cid","token":"fake_token","uid":"fake_uid_9"},"unparsable_fields":[]},"":"T9201174724793298462"}},"":"T9200398915792717738"}
{"index":28,"us":260928000000000}	{"EventLogEntry":{"server_us":260928000000000,"event":{"iOSGenericEvent":{"customer_id":"","user_ms":260928000000,"client_id":"","device_id":"device_id_10","event":"SEEN","source":"","fields":{"cid":"fake_cid","token":"fake_token","uid":"fake_uid_10"},"unparsable_fields":[]},"":"T9201174724793298462"}},"":"T9200398915792717738"}
{"index":29,"us":261144000000000}	{"EventLogEntry":{"server_us":261144000000000,"event":{"iOSGenericEvent":{"customer_id":"","user_ms":261144000000,"client_id":"","device_id":"device_id_11","event":"SEEN","source":"","fields":{"cid":"fake_cid","token":"fake_token","uid":"fake_uid_11"},"unparsable_fields":[]},"":"T9201174724793298462"}},"":"T9200398915792717738"}
{"index":30,"us":261360000000000}	{"EventLogEntry":{"server_us":261360000000000,"event":{"iOSGenericEvent":{"customer_id":"","user_ms":261360000000,"client_id":"","device_id":"device_id_12","event":"SEEN","source":"","fields":{"cid":"fake_cid","token":"fake_token","uid":"fake_uid_12"},"unparsable_fields":[]},"":"T9201174724793298462"}},"":"T9200398915792717738"}
{"index":31,"us":261576000000000}	{"EventLogEntry":{"server_us":261576000000000,"event":{"iOSGenericEvent":{"customer_id":"","user_ms":261576000000,"client_id":"","device_id":"device_id_13","event":"SEEN","source":"","fields":{"cid":"fake_cid","token":"fake_token","uid":"fake_uid_13"},"unparsable_fields":[]},"":"T9201174724793298462"}},"":"T9200398915792717738"}
{"index":32,"us":261792000000000}	{"EventLogEntry":{"server_us":261792000000000,"event":{"iOSGenericEvent":{"customer_id":"","user_ms":261792000000,"client_id":"","device_id":"device_id_14","event":"SEEN","source":"","fields":{"cid":"fake_cid","token":"fake_token","uid":"fake_uid_14"},"unparsable_fields":[]},"":"T9201174724793298462"}},"":"T9200398915792717738"}
{"index":33,"us":262008000000000}	{"EventLogEntry":{"server_us":262008000000000,"event":{"iOSGenericEvent":{"customer_id":"","user_ms":262008000000,"client_id":"","device_id":"device_id_15","event":"SEEN","source":"","fields":{"cid":"fake_cid","token":"fake_token","uid":"fake_uid_15"},"unparsable_fields":[]},"":"T9201174724793298462"}},"":"T9200398915792717738"}
{"index":34,"us":262224000000000}	{"EventLogEntry":{"server_us":262224000000000,"event":{"iOSGenericEvent":{"customer_id":"","user_ms":262224000000,"client_id":"","device_id":"device_id_16","event":"SEEN","source":"","fields":{"cid":"fake_cid","token":"fake_token","uid":"fake_uid_16"},"unparsable_fields":[]},"":"T9201174724793298462"}},"":"T9200398915792717738"}
{"index":35,"us":262440000000000}	{"EventLogEntry":{"server_us":262440000000000,"event":{"iOSGenericEvent":{"customer_id":"","user_ms":262440000000,"client_id":"","device_id":"device_id_17","event":"SEEN","source":"","fields":{"cid":"fake_cid","token":"fake_token","uid":"fake_uid_17"},"unparsable_fields":[]},"":"T9201174724793298462"}},"":"T9200398915792717738"}
{"index":36,"us":262656000000000}	{"EventLogEntry":{"server_us":262656000000000,"event":{"iOSGenericEvent":{"customer_id":"","user_ms":262656000000,"client_id":"","device_id":"device_id_18","event":"SEEN","source":"","fields":{"cid":"fake_cid","token":"fake_token","uid":"fake_uid_18"},"unparsable_fields":[]},"":"T9201174724793298462"}},"":"T9200398915792717738"}
{"index":37,"us":262872000000000}	{"EventLogEntry":{"server_us":262872000000000,"event":{"iOSGenericEvent":{"customer_id":"","user_ms":262872000000,"client_id":"","device_id":"device_id_19","event":"SEEN","source":"","fields":{"cid":"fake_cid","token":"fake_token","uid":"fake_uid_19"},"unparsable_fields":[]},"":"T9201174724793298462"}},"":"T9200398915792717738"}
{"index":38,"us":263088000000000}	{"EventLogEntry":{"server_us":263088000000000,"event":{"iOSGenericEvent":{"customer_id":"","user_ms":263088000000,"client_id":"","device_id":"device_id_4","event":"SEEN","source":"","fields":{"cid":"fake_cid","token":"fake_token","uid":"fake_uid_4"},"unparsable_fields":[]},"":"T9201174724793298462"}},"":"T9200398915792717738"}
{"index":39,"us":263091600000000}	{"EventLogEntry":{"server_us":263091600000000,"event":{"iOSGenericEvent":{"customer_id":"","user_ms":263091600000,"client_id":"","device_id":"device_id_5","event":"SEEN","source":"","fields":{"cid":"fake_cid","token":"fake_token","uid":"fake_uid_5"},"unparsable_fields":[]},"":"T9201174724793298462"}},"":"T9200398915792717738"}
{"index":40,"us":263095200000000}	{"EventLogEntry":{"server_us":263095200000000,"event":{"iOSGenericEvent":{"customer_id":"","user_ms":263095200000,"client_id":"","device_id":"device_id_6","event":"SEEN","source":"","fields":{"cid":"fake_cid","token":"fake_token","uid":"fake_uid_6"},"unparsable_fields":[]},"":"T9201174724793298462"}},"":"T9200398915792717738"}
{"index":41,"us":263098800000000}	{"EventLogEntry":{"server_us":263098800000000,"event":{"iOSGenericEvent":{"customer_id":"","user_ms":263098800000,"client_id":"","device_id":"device_id_7","event":"SEEN","source":"","fields":{"cid":"fake_cid","token":"fake_token","uid":"fake_uid_7"},"unparsable_fields":[]},"":"T9201174724793298462"}},"":"T9200398915792717738"}
{"index":42,"us":263102400000000}	{"EventLogEntry":{"server_us":263102400000000,"event":{"iOSGenericEvent":{"customer_id":"","user_ms":263102400000,"client_id":"","device_id":"device_id_8","event":"SEEN","source":"","fields":{"cid":"fake_cid","token":"fake_token","uid":"fake_uid_8"},"unparsable_fields":[]},"":"T9201174724793298462"}},"":"T9200398915792717738"}
{"index":43,"us":263106000000000}	{"EventLogEntry":{"server_us":263106000000000,"event":{"iOSGenericEvent":{"customer_id":"","user_ms":263106000000,"client_id":"","device_id":"device_id_9","event":"SEEN","source":"","fields":{"cid":"fake_cid","token":"fake_token","uid":"fake_uid_9"},"unparsable_fields":[]},"":"T9201174724793298462"}},"":"T9200398915792717738"}
{"index":44,"us":263109600000000}	{"EventLogEntry":{"server_us":263109600000000,"event":{"iOSGenericEvent":{"customer_id":"","user_ms":263109600000,"client_id":"","device_id":"device_id_10","event":"SEEN","source":"","fields":{"cid":"fake_cid","token":"fake_token","uid":"fake_uid_10"},"unparsable_fields":[]},"":"T9201174724793298462"}},"":"T9200398915792717738"}
{"index":45,"us":263113200000000}	{"EventLogEntry":{"server_us":263113200000000,"event":{"iOSGenericEvent":{"customer_id":"","user_ms":263113200000,"client_id":"","device_id":"device_id_11","event":"SEEN","source":"","fields":{"cid":"fake_cid","token":"fake_token","uid":"fake_uid_11"},"unparsable_fields":[]},"":"T9201174724793298462"}},"":"T9200398915792717738"}
{"index":46,"us":263116800000000}	{"EventLogEntry":{"server_us":263116800000000,"event":{"iOSGenericEvent":{"customer_id":"","user_ms":263116800000,"client_id":"","device_id":"device_id_12","event":"SEEN","source":"","fields":{"cid":"fake_cid","token":"fake_token","uid":"fake_uid_12"},"unparsable_fields":[]},"":"T9201174724793298462"}},"":"T9200398915792717738"}
{"index":47,"us":263120400000000}	{"EventLogEntry":{"server_us":263120400000000,"event":{"iOSGenericEvent":{"customer_id":"","user_ms":263120400000,"client_id":"","device_id":"device_id_13","event":"SEEN","source":"","fields":{"cid":"fake_cid","token":"fake_token","uid":"fake_uid_13"},"unparsable_fields":[]},"":"T9201174724793298462"}},"":"T9200398915792717738"}
{"index":48,"us":263124000000000}	{"EventLogEntry":{"server_us":263124000000000,"event":{"iOSGenericEvent":{"customer_id":"","user_ms":263124000000,"client_id":"","device_id":"device_id_14","event":"SEEN","source":"","fields":{"cid":"fake_cid","token":"fake_token","uid":"fake_uid_14"},"unparsable_fields":[]},"":"T9201174724793298462"}},"":"T9200398915792717738"}
{"index":49,"us":263127600000000}	{"EventLogEntry":{"server_us":263127600000000,"event":{"iOSGenericEvent":{"customer_id":"","user_ms":263127600000,"client_id":"","device_id":"device_id_15","event":"SEEN","source":"","fields":{"cid":"fake_cid","token":"fake_token","uid":"fake_uid_15"},"unparsable_fields":[]},"":"T9201174724793298462"}},"":"T9200398915792717738"}
{"index":50,"us":263131200000000}	{"EventLogEntry":{"server_us":263131200000000,"event":{"iOSGenericEvent":{"customer_id":"","user_ms":263131200000,"client_id":"","device_id":"device_id_16","event":"SEEN","source":"","fields":{"cid":"fake_cid","token":"fake_token","uid":"fake_uid_16"},"unparsable_fields":[]},"":"T9201174724793298462"}},"":"T9200398915792717738"}
{"index":51,"us":263134800000000}	{"EventLogEntry":{"server_us":263134800000000,"event":{"iOSGenericEvent":{"customer_id":"","user_ms":263134800000,"client_id":"","device_id":"device_id_17","event":"SEEN","source":"","fields":{"cid":"fake_cid","token":"fake_token","uid":"fake_uid_17"},"unparsable_fields":[]},"":"T9201174724793298462"}},"":"T9200398915792717738"}
{"index":52,"us":263138400000000}	{"EventLogEntry":{"server_us":263138400000000,"event":{"iOSGenericEvent":{"customer_id":"","user_ms":263138400000,"client_id":"","device_id":"device_id_18","event":"SEEN","source":"","fields":{"cid":"fake_cid","token":"fake_token","uid":"fake_uid_18"},"unparsable_fields":[]},"":"T9201174724793298462"}},"":"T9200398915792717738"}
{"index":53,"us":263142000000000}	{"EventLogEntry":{"server_us":263142000000000,"event":{"iOSGenericEvent":{"customer_id":"","user_ms":263142000000,"client_id":"","device_id":"device_id_19","event":"SEEN","source":"","fields":{"cid":"fake_cid","token":"fake_token","uid":"fake_uid_19"},"unparsable_fields":[]},"":"T9201174724793298462"}},"":"T9200398915792717738"}
{"index":54,"us":263145600000000}	{"EventLogEntry":{"server_us":263145600000000,"event":{"iOSGenericEvent":{"customer_id":"","user_ms":263145600000,"client_id":"","device_id":"device_id_6","event":"SEEN","source":"","fields":{"cid":"fake_cid","token":"fake_token","uid":"fake_uid_6"},"unparsable_fields":[]},"":"T9201174724793298462"}},"":"T9200398915792717738"}
{"index":55,"us":263145660000000}	{"EventLogEntry":{"server_us":263145660000000,"event":{"iOSGenericEvent":{"customer_id":"","user_ms":263145660000,"client_id":"","device_id":"device_id_7","event":"SEEN","source":"","fields":{"cid":"fake_cid","token":"fake_token","uid":"fake_uid_7"},"unparsable_fields":[]},"":"T9201174724793298462"}},"":"T9200398915792717738"}
{"index":56,"us":263145720000000}	{"EventLogEntry":{"server_us":263145720000000,"event":{"iOSGenericEvent":{"customer_id":"","user_ms":263145720000,"client_id":"","device_id":"device_id_8","event":"SEEN","source":"","fields":{"cid":"fake_cid","token":"fake_token","uid":"fake_uid_8"},"unparsable_fields":[]},"":"T9201174724793298462"}},"":"T9200398915792717738"}
{"index":57,"us":263145780000000}	{"EventLogEntry":{"server_us":263145780000000,"event":{"iOSGenericEvent":{"customer_id":"","user_ms":263145780000,"client_id":"","device_id":"device_id_9","event":"SEEN","source":"","fields":{"cid":"fake_cid","token":"fake_token","uid":"fake_uid_9"},"unparsable_fields":[]},"":"T9201174724793298462"}},"":"T9200398915792717738"}
{"index":58,"us":263145840000000}	{"EventLogEntry":{"server_us":263145840000000,"event":{"iOSGenericEvent":{"customer_id":"","user_ms":263145840000,"client_id":"","device_id":"device_id_10","event":"SEEN","source":"","fields":{"cid":"fake_cid","token":"fake_token","uid":"fake_uid_10"},"unparsable_fields":[]},"":"T9201174724793298462"}},"":"T9200398915792717738"}
{"index":59,"us":263145900000000}	{"EventLogEntry":{"server_us":263145900000000,"event":{"iOSGenericEvent":{"customer_id":"","user_ms":263145900000,"client_id":"","device_id":"device_id_11","event":"SEEN","source":"","fields":{"cid":"fake_cid","token":"fake_token","uid":"fake_uid_11"},"unparsable_fields":[]},"":"T9201174724793298462"}},"":"T9200398915792717738"}
{"index":60,"us":263145960000000}	{"EventLogEntry":{"server_us":263145960000000,"event":{"iOSGenericEvent":{"customer_id":"","user_ms":263145960000,"client_id":"","device_id":"device_id_12","event":"SEEN","source":"","fields":{"cid":"fake_cid","token":"fake_token","uid":"fake_uid_12"},"unparsable_fields":[]},"":"T9201174724793298462"}},"":"T9200398915792717738"}
{"index":61,"us":263146020000000}	{"EventLogEntry":{"server_us":263146020000000,"event":{"iOSGenericEvent":{"customer_id":"","user_ms":263146020000,"client_id":"","device_id":"device_id_13","event":"SEEN","source":"","fields":{"cid":"fake_cid","token":"fake_token","uid":"fake_uid_13"},"unparsable_fields":[]},"":"T9201174724793298462"}},"":"T9200398915792717738"}
{"index":62,"us":263146080000000}	{"EventLogEntry":{"server_us":263146080000000,"event":{"iOSGenericEvent":{"customer_id":"","user_ms":263146080000,"client_id":"","device_id":"device_id_14","event":"SEEN","source":"","fields":{"cid":"fake_cid","token":"fake_token","uid":"fake_uid_14"},"unparsable_fields":[]},"":"T9201174724793298462"}},"":"T9200398915792717738"}
{"index":63,"us":263146140000000}	{"EventLogEntry":{"server_us":263146140000000,"event":{"iOSGenericEvent":{"customer_id":"","user_ms":263146140000,"client_id":"","device_id":"device_id_15","event":"SEEN","source":"","fields":{"cid":"fake_cid","token":"fake_token","uid":"fake_uid_15"},"unparsable_fields":[]},"":"T9201174724793298462"}},"":"T9200398915792717738"}
{"index":64,"us":263146200000000}	{"EventLogEntry":{"server_us":263146200000000,"event":{"iOSGenericEvent":{"customer_id":"","user_ms":263146200000,"client_id":"","device_id":"device_id_16","event":"SEEN","source":"","fields":{"cid":"fake_cid","token":"fake_token","uid":"fake_uid_16"},"unparsable_fields":[]},"":"T9201174724793298462"}},"":"T9200398915792717738"}
{"index":65,"us":263146260000000}	{"EventLogEntry":{"server_us":263146260000000,"event":{"iOSGenericEvent":{"customer_id":"","user_ms":263146260000,"client_id":"","device_id":"device_id_17","event":"SEEN","source":"","fields":{"cid":"fake_cid","token":"fake_token","uid":"fake_uid_17"},"unparsable_fields":[]},"":"T9201174724793298462"}},"":"T9200398915792717738"}
{"index":66,"us":263146320000000}	{"EventLogEntry":{"server_us":263146320000000,"event":{"iOSGenericEvent":{"customer_id":"","user_ms":263146320000,"client_id":"","device_id":"device_id_18","event":"SEEN","source":"","fields":{"cid":"fake_cid","token":"fake_token","uid":"fake_uid_18"},"unparsable_fields":[]},"":"T9201174724793298462"}},"":"T9200398915792717738"}
{"index":67,"us":263146380000000}	{"EventLogEntry":{"server_us":263146380000000,"event":{"iOSGenericEvent":{"customer_id":"","user_ms":263146380000,"client_id":"","device_id":"device_id_19","event":"SEEN","source":"","fields":{"cid":"fake_cid","token":"fake_token","uid":"fake_uid_19"},"unparsable_fields":[]},"":"T9201174724793298462"}},"":"T9200398915792717738"}
{"index":68,"us":263146440000000}	{"EventLogEntry":{"server_us":263146440000000,"event":{"iOSGenericEvent":{"customer_id":"","user_ms":263146440000,"client_id":"","device_id":"device_id_8","event":"SEEN","source":"","fields":{"cid":"fake_cid","token":"fake_token","uid":"fake_uid_8"},"unparsable_fields":[]},"":"T9201174724793298462"}},"":"T9200398915792717738"}
{"index":69,"us":263146441000000}	{"EventLogEntry":{"server_us":263146441000000,"event":{"iOSGenericEvent":{"customer_id":"","user_ms":263146441000,"client_id":"","device_id":"device_id_9","event":"SEEN","source":"","fields":{"cid":"fake_cid","token":"fake_token","uid":"fake_uid_9"},"unparsable_fields":[]},"":"T9201174724793298462"}},"":"T9200398915792717738"}
{"index":70,"us":263146442000000}	{"EventLogEntry":{"server_us":263146442000000,"event":{"iOSGenericEvent":{"customer_id":"","user_ms":263146442000,"client_id":"","device_id":"device_id_10","event":"SEEN","source":"","fields":{"cid":"fake_cid","token":"fake_token","uid":"fake_uid_10"},"unparsable_fields":[]},"":"T9201174724793298462"}},"":"T9200398915792717738"}
{"index":71,"us":263146443000000}	{"EventLogEntry":{"server_us":263146443000000,"event":{"iOSGenericEvent":{"customer_id":"","user_ms":263146443000,"client_id":"","device_id":"device_id_11","event":"SEEN","source":"","fields":{"cid":"fake_cid","token":"fake_token","uid":"fake_uid_11"},"unparsable_fields":[]},"":"T9201174724793298462"}},"":"T9200398915792717738"}
{"index":72,"us":263146444000000}	{"EventLogEntry":{"server_us":263146444000000,"event":{"iOSGenericEvent":{"customer_id":"","user_ms":263146444000,"client_id":"","device_id":"device_id_12","event":"SEEN","source":"","fields":{"cid":"fake_cid","token":"fake_token","uid":"fake_uid_12"},"unparsable_fields":[]},"":"T9201174724793298462"}},"":"T9200398915792717738"}
{"index":73,"us":263146445000000}	{"EventLogEntry":{"server_us":263146445000000,"event":{"iOSGenericEvent":{"customer_id":"","user_ms":263146445000,"client_id":"","device_id":"device_id_13","event":"SEEN","source":"","fields":{"cid":"fake_cid","token":"fake_token","uid":"fake_uid_13"},"unparsable_fields":[]},"":"T9201174724793298462"}},"":"T9200398915792717738"}
{"index":74,"us":263146446000000}	{"EventLogEntry":{"server_us":263146446000000,"event":{"iOSGenericEvent":{"customer_id":"","user_ms":263146446000,"client_id":"","device_id":"device_id_14","event":"SEEN","source":"","fields":{"cid":"fake_cid","token":"fake_token","uid":"fake_uid_14"},"unparsable_fields":[]},"":"T9201174724793298462"}},"":"T9200398915792717738"}
{"index":75,"us":263146447000000}	{"EventLogEntry":{"server_us":263146447000000,"event":{"iOSGenericEvent":{"customer_id":"","user_ms":263146447000,"client_id":"","device_id":"device_id_15","event":"SEEN","source":"","fields":{"cid":"fake_cid","token":"fake_token","uid":"fake_uid_15"},"unparsable_fields":[]},"":"T9201174724793298462"}},"":"T9200398915792717738"}
{"index":76,"us":263146448000000}	{"EventLogEntry":{"server_us":263146448000000,"event":{"iOSGenericEvent":{"customer_id":"","user_ms":263146448000,"client_id":"","device_id":"device_id_16","event":"SEEN","source":"","fields":{"cid":"fake_cid","token":"fake_token","uid":"fake_uid_16"},"unparsable_fields":[]},"":"T9201174724793298462"}},"":"T9200398915792717738"}
{"index":77,"us":263146449000000}	{"EventLogEntry":{"server_us":263146449000000,"event":{"iOSGenericEvent":{"customer_id":"","user_ms":263146449000,"client_id":"","device_id":"device_id_17","event":"SEEN","source":"","fields":{"cid":"fake_cid","token":"fake_token","uid":"fake_uid_17"},"unparsable_fields":[]},"":"T9201174724793298462"}},"":"T9200398915792717738"}
{"index":78,"us":263146450000000}	{"EventLogEntry":{"server_us":263146450000000,"event":{"iOSGenericEvent":{"customer_id":"","user_ms":263146450000,"client_id":"","device_id":"device_id_18","event":"SEEN","source":"","fields":{"cid":"fake_cid","token":"fake_token","uid":"fake_uid_18"},"unparsable_fields":[]},"":"T9201174724793298462"}},"":"T9200398915792717738"}
{"index":79,"us":263146451000000}	{"EventLogEntry":{"server_us":263146451000000,"event":{"iOSGenericEvent":{"customer_id":"","user_ms":263146451000,"client_id":"","device_id":"device_id_19","event":"SEEN","source":"","fields":{"cid":"fake_cid","token":"fake_token","uid":"fake_uid_19"},"unparsable_fields":[]},"":"T9201174724793298462"}},"":"T9200398915792717738"}
